origin0: [capacity = 10000 bytes, utilization = 5000 bytes]
origin1: [capacity = 10000 bytes, utilization = 5000 bytes]
origin2: [capacity = 10000 bytes, utilization = 5000 bytes]
