origin: origin1, content: 15eaa75240aed625be3e142205df3adbbb7051802b32f450e40276be8582b6d8, deleted: OK
origin: origin2, content: 15eaa75240aed625be3e142205df3adbbb7051802b32f450e40276be8582b6d8, deleted: FAILED
origin: origin0, content: 15eaa75240aed625be3e142205df3adbbb7051802b32f450e40276be8582b6d8, deleted: FAILED
