origin0: [capacity = 10000 bytes, utilization = 5000 bytes]
