either content digest or origin server is required
