Origin origin1:
15eaa75240aed625be3e142205df3adbbb7051802b32f450e40276be8582b6d8 10 /data/12/ea
c3fad2d188365979aecc8f4deed84c745907fbee3c6eb981d9ad3c3cd44913a9 20 /data/c3/fa
