Origin origin0:
14722f2e4c8fa3ba142e2c955c253db8f1274f1761fa0afda85de0f11571b8c8 50 /data/14/72
Origin origin1:
15eaa75240aed625be3e142205df3adbbb7051802b32f450e40276be8582b6d8 10 /data/12/ea
c3fad2d188365979aecc8f4deed84c745907fbee3c6eb981d9ad3c3cd44913a9 20 /data/c3/fa
Origin origin2:
095ebe3b7e21645e700de76ac7b02db3d18add6de8d64526b7360a12751f5e28 30 /data/09/5e
106ea88fe2ccb794396590dd3c082b334d117812928e1b0bedafac1a54274ac4 40 /data/10/6e
6f858f4b582302063936eedea2375c52d137aac95c184e94b3f0b46bb887362a 60 /data/6f/85
